<?xml version="1.0" encoding="UTF-8"?>
<TestRun id="c6b03401-7c66-4397-bede-8c5f8e911fba" name="Fredrik@GAMER 2011-03-10 18:30:47" runUser="Gamer\Fredrik" xmlns="http://microsoft.com/schemas/VisualStudio/TeamTest/2010">
  <TestSettings name="Local" id="7930b77e-25ff-465e-8288-0e8e8af9662a">
    <Description>These are default test settings for a local test run.</Description>
    <Deployment enabled="false" runDeploymentRoot="Fredrik_GAMER 2011-03-10 18_30_47">
      <DeploymentItem filename="E:\Projects\IronJS\Src\FSKit\Src\bin\Debug\FSKit.dll" />
      <DeploymentItem filename="E:\Projects\IronJS\Src\IronJS\bin\Debug\IronJS.dll" />
    </Deployment>
    <Execution>
      <TestTypeSpecific />
      <AgentRule name="Execution Agents">
      </AgentRule>
    </Execution>
  </TestSettings>
  <Times creation="2011-03-10T18:30:47.4775826+01:00" queuing="2011-03-10T18:30:48.0946179+01:00" start="2011-03-10T18:30:48.2326258+01:00" finish="2011-03-10T18:30:51.0477868+01:00" />
  <ResultSummary outcome="Failed">
    <Counters total="2" executed="2" error="0" failed="2" timeout="0" aborted="0" inconclusive="0" passedButRunAborted="0" notRunnable="0" notExecuted="0" disconnected="0" warning="0" passed="0" completed="0" inProgress="0" pending="0" />
  </ResultSummary>
  <TestDefinitions>
    <UnitTest name="TestMethod2" storage="e:\projects\ironjs\src\tests\bin\debug\tests.dll" id="7b4430ee-5d6d-3361-da01-6363277e932b">
      <Execution id="c8c9074a-a046-4850-8a4f-06a0b1607d8f" />
      <TestMethod codeBase="E:/Projects/IronJS/Src/Tests/bin/Debug/Tests.DLL" adapterTypeName="Microsoft.VisualStudio.TestTools.TestTypes.Unit.UnitTestAdapter, Microsoft.VisualStudio.QualityTools.Tips.UnitTest.Adapter, Version=10.0.0.0, Culture=neutral, PublicKeyToken=b03f5f7f11d50a3a" className="Tests.MozillaECMA3, Tests, Version=1.0.0.0, Culture=neutral, PublicKeyToken=null" name="TestMethod2" />
    </UnitTest>
    <UnitTest name="TestMethod1" storage="e:\projects\ironjs\src\tests\bin\debug\tests.dll" id="5ef744d1-ffa4-989b-e424-c92879ebfadf">
      <Execution id="0b03ca86-cd5f-4aa4-959d-a11df371ec7c" />
      <TestMethod codeBase="E:/Projects/IronJS/Src/Tests/bin/Debug/Tests.DLL" adapterTypeName="Microsoft.VisualStudio.TestTools.TestTypes.Unit.UnitTestAdapter, Microsoft.VisualStudio.QualityTools.Tips.UnitTest.Adapter, Version=10.0.0.0, Culture=neutral, PublicKeyToken=b03f5f7f11d50a3a" className="Tests.MozillaECMA3, Tests, Version=1.0.0.0, Culture=neutral, PublicKeyToken=null" name="TestMethod1" />
    </UnitTest>
  </TestDefinitions>
  <TestLists>
    <TestList name="Results Not in a List" id="8c84fa94-04c1-424b-9868-57a2d4851a1d" />
    <TestList name="All Loaded Results" id="19431567-8539-422a-85d7-44ee4e166bda" />
  </TestLists>
  <TestEntries>
    <TestEntry testId="5ef744d1-ffa4-989b-e424-c92879ebfadf" executionId="0b03ca86-cd5f-4aa4-959d-a11df371ec7c" testListId="8c84fa94-04c1-424b-9868-57a2d4851a1d" />
    <TestEntry testId="7b4430ee-5d6d-3361-da01-6363277e932b" executionId="c8c9074a-a046-4850-8a4f-06a0b1607d8f" testListId="8c84fa94-04c1-424b-9868-57a2d4851a1d" />
  </TestEntries>
  <Results>
    <UnitTestResult executionId="0b03ca86-cd5f-4aa4-959d-a11df371ec7c" testId="5ef744d1-ffa4-989b-e424-c92879ebfadf" testName="TestMethod1" computerName="GAMER" duration="00:00:00.7984628" startTime="2011-03-10T18:30:48.3586330+01:00" endTime="2011-03-10T18:30:50.0417293+01:00" testType="13cdc9d9-ddb5-4fa4-a97d-d965ccfc6d4b" outcome="Failed" testListId="8c84fa94-04c1-424b-9868-57a2d4851a1d" relativeResultsDirectory="0b03ca86-cd5f-4aa4-959d-a11df371ec7c">
      <Output>
        <ErrorInfo>
          <Message>Initialization method Tests.MozillaECMA3.Init threw exception. System.IO.FileNotFoundException: System.IO.FileNotFoundException: Could not find file 'E:\Projects\IronJS\Src\TestResults\Fredrik_GAMER 2011-03-10 18_30_47\Out\MozillaECMA3-shell.js'..</Message>
          <StackTrace>    at System.IO.__Error.WinIOError(Int32 errorCode, String maybeFullPath)
   at System.IO.FileStream.Init(String path, FileMode mode, FileAccess access, Int32 rights, Boolean useRights, FileShare share, Int32 bufferSize, FileOptions options, SECURITY_ATTRIBUTES secAttrs, String msgPath, Boolean bFromProxy, Boolean useLongPath)
   at System.IO.FileStream..ctor(String path, FileMode mode, FileAccess access, FileShare share, Int32 bufferSize, FileOptions options)
   at System.IO.StreamReader..ctor(String path, Encoding encoding, Boolean detectEncodingFromByteOrderMarks, Int32 bufferSize)
   at System.IO.StreamReader..ctor(String path, Encoding encoding)
   at System.IO.File.InternalReadAllText(String path, Encoding encoding)
   at System.IO.File.ReadAllText(String path)
   at IronJS.Parsers.Ecma3.parseFile(Environment env, String path) in E:\Projects\IronJS\Src\IronJS\Compiler.Parser.fs:line 455
   at IronJS.Parsers.Ecma3.parseGlobalFile(Environment env, String path) in E:\Projects\IronJS\Src\IronJS\Compiler.Parser.fs:line 459
   at IronJS.Hosting.Context.CompileFile(String fileName) in E:\Projects\IronJS\Src\IronJS\Hosting.fs:line 115
   at IronJS.Hosting.Context.ExecuteFile(String fileName) in E:\Projects\IronJS\Src\IronJS\Hosting.fs:line 137
   at Tests.MozillaECMA3.Init() in E:\Projects\IronJS\Src\Tests\MozillaECMA3.cs:line 15
</StackTrace>
        </ErrorInfo>
      </Output>
    </UnitTestResult>
    <UnitTestResult executionId="c8c9074a-a046-4850-8a4f-06a0b1607d8f" testId="7b4430ee-5d6d-3361-da01-6363277e932b" testName="TestMethod2" computerName="GAMER" duration="00:00:00.8860444" startTime="2011-03-10T18:30:50.0467296+01:00" endTime="2011-03-10T18:30:50.9727825+01:00" testType="13cdc9d9-ddb5-4fa4-a97d-d965ccfc6d4b" outcome="Failed" testListId="8c84fa94-04c1-424b-9868-57a2d4851a1d" relativeResultsDirectory="c8c9074a-a046-4850-8a4f-06a0b1607d8f">
      <Output>
        <ErrorInfo>
          <Message>Initialization method Tests.MozillaECMA3.Init threw exception. System.IO.FileNotFoundException: System.IO.FileNotFoundException: Could not find file 'E:\Projects\IronJS\Src\TestResults\Fredrik_GAMER 2011-03-10 18_30_47\Out\MozillaECMA3-shell.js'..</Message>
          <StackTrace>    at System.IO.__Error.WinIOError(Int32 errorCode, String maybeFullPath)
   at System.IO.FileStream.Init(String path, FileMode mode, FileAccess access, Int32 rights, Boolean useRights, FileShare share, Int32 bufferSize, FileOptions options, SECURITY_ATTRIBUTES secAttrs, String msgPath, Boolean bFromProxy, Boolean useLongPath)
   at System.IO.FileStream..ctor(String path, FileMode mode, FileAccess access, FileShare share, Int32 bufferSize, FileOptions options)
   at System.IO.StreamReader..ctor(String path, Encoding encoding, Boolean detectEncodingFromByteOrderMarks, Int32 bufferSize)
   at System.IO.StreamReader..ctor(String path, Encoding encoding)
   at System.IO.File.InternalReadAllText(String path, Encoding encoding)
   at System.IO.File.ReadAllText(String path)
   at IronJS.Parsers.Ecma3.parseFile(Environment env, String path) in E:\Projects\IronJS\Src\IronJS\Compiler.Parser.fs:line 455
   at IronJS.Parsers.Ecma3.parseGlobalFile(Environment env, String path) in E:\Projects\IronJS\Src\IronJS\Compiler.Parser.fs:line 459
   at IronJS.Hosting.Context.CompileFile(String fileName) in E:\Projects\IronJS\Src\IronJS\Hosting.fs:line 115
   at IronJS.Hosting.Context.ExecuteFile(String fileName) in E:\Projects\IronJS\Src\IronJS\Hosting.fs:line 137
   at Tests.MozillaECMA3.Init() in E:\Projects\IronJS\Src\Tests\MozillaECMA3.cs:line 15
</StackTrace>
        </ErrorInfo>
      </Output>
    </UnitTestResult>
  </Results>
</TestRun>